// Jest Snapshot v1, https://goo.gl/fbAQLP

exports[`renders correctly 1`] = `
<div
  className="sc-EHOje bylsao"
>
  <div
    className="mainHeader"
    style={
      Object {
        "border": "1px solid",
        "borderBottom": "white",
        "borderLeft": "none",
        "borderRight": "none",
        "borderTop": "none",
      }
    }
  >
    IGRA INVESTICIJA
  </div>
  <div
    className="sc-bZQynM dRFqOz"
  >
    <div
      className="sc-bdVaJa kIIXNr"
    >
      <div
        className="sc-bwzfXH dYDxIf"
      >
        Pol
        :
      </div>
      <div
        className="sc-htpNat hHtpcc"
      >
        <fieldset
          className="MuiFormControl-root"
          style={
            Object {
              "textAlign": "left",
            }
          }
        >
          <div
            className="MuiFormGroup-root MuiFormGroup-row"
            role="radiogroup"
          >
            <label
              className="MuiFormControlLabel-root"
            >
              <span
                aria-disabled={false}
                className="MuiButtonBase-root MuiIconButton-root PrivateSwitchBase-root-1 MuiRadio-root MuiRadio-colorSecondary MuiIconButton-colorSecondary"
                onBlur={[Function]}
                onDragLeave={[Function]}
                onFocus={[Function]}
                onKeyDown={[Function]}
                onKeyUp={[Function]}
                onMouseDown={[Function]}
                onMouseLeave={[Function]}
                onMouseUp={[Function]}
                onTouchEnd={[Function]}
                onTouchMove={[Function]}
                onTouchStart={[Function]}
                tabIndex={null}
              >
                <span
                  className="MuiIconButton-label"
                >
                  <input
                    checked={false}
                    className="PrivateSwitchBase-input-4"
                    disabled={false}
                    onChange={[Function]}
                    type="radio"
                    value={1}
                  />
                  <div
                    className="PrivateRadioButtonIcon-root-5"
                  >
                    <svg
                      aria-hidden={true}
                      className="MuiSvgIcon-root"
                      focusable="false"
                      viewBox="0 0 24 24"
                    >
                      <path
                        d="M12 2C6.48 2 2 6.48 2 12s4.48 10 10 10 10-4.48 10-10S17.52 2 12 2zm0 18c-4.42 0-8-3.58-8-8s3.58-8 8-8 8 3.58 8 8-3.58 8-8 8z"
                      />
                    </svg>
                    <svg
                      aria-hidden={true}
                      className="MuiSvgIcon-root PrivateRadioButtonIcon-layer-6"
                      focusable="false"
                      viewBox="0 0 24 24"
                    >
                      <path
                        d="M8.465 8.465C9.37 7.56 10.62 7 12 7C14.76 7 17 9.24 17 12C17 13.38 16.44 14.63 15.535 15.535C14.63 16.44 13.38 17 12 17C9.24 17 7 14.76 7 12C7 10.62 7.56 9.37 8.465 8.465Z"
                      />
                    </svg>
                  </div>
                </span>
              </span>
              <span
                className="MuiTypography-root MuiFormControlLabel-label MuiTypography-body1"
              >
                Muški
              </span>
            </label>
            <label
              className="MuiFormControlLabel-root"
            >
              <span
                aria-disabled={false}
                className="MuiButtonBase-root MuiIconButton-root PrivateSwitchBase-root-1 MuiRadio-root MuiRadio-colorSecondary MuiIconButton-colorSecondary"
                onBlur={[Function]}
                onDragLeave={[Function]}
                onFocus={[Function]}
                onKeyDown={[Function]}
                onKeyUp={[Function]}
                onMouseDown={[Function]}
                onMouseLeave={[Function]}
                onMouseUp={[Function]}
                onTouchEnd={[Function]}
                onTouchMove={[Function]}
                onTouchStart={[Function]}
                tabIndex={null}
              >
                <span
                  className="MuiIconButton-label"
                >
                  <input
                    checked={false}
                    className="PrivateSwitchBase-input-4"
                    disabled={false}
                    onChange={[Function]}
                    type="radio"
                    value={2}
                  />
                  <div
                    className="PrivateRadioButtonIcon-root-5"
                  >
                    <svg
                      aria-hidden={true}
                      className="MuiSvgIcon-root"
                      focusable="false"
                      viewBox="0 0 24 24"
                    >
                      <path
                        d="M12 2C6.48 2 2 6.48 2 12s4.48 10 10 10 10-4.48 10-10S17.52 2 12 2zm0 18c-4.42 0-8-3.58-8-8s3.58-8 8-8 8 3.58 8 8-3.58 8-8 8z"
                      />
                    </svg>
                    <svg
                      aria-hidden={true}
                      className="MuiSvgIcon-root PrivateRadioButtonIcon-layer-6"
                      focusable="false"
                      viewBox="0 0 24 24"
                    >
                      <path
                        d="M8.465 8.465C9.37 7.56 10.62 7 12 7C14.76 7 17 9.24 17 12C17 13.38 16.44 14.63 15.535 15.535C14.63 16.44 13.38 17 12 17C9.24 17 7 14.76 7 12C7 10.62 7.56 9.37 8.465 8.465Z"
                      />
                    </svg>
                  </div>
                </span>
              </span>
              <span
                className="MuiTypography-root MuiFormControlLabel-label MuiTypography-body1"
              >
                Ženski
              </span>
            </label>
          </div>
        </fieldset>
      </div>
    </div>
    <div
      className="sc-bxivhb hmGSbW"
    >
      <div
        className="sc-ifAKCX gfwDcM"
      >
        Godine starosti:
      </div>
      <div
        className="MuiInputBase-root MuiInput-root MuiInput-underline MuiInputBase-marginDense MuiInput-marginDense"
        onClick={[Function]}
        style={
          Object {
            "width": "400px",
          }
        }
      >
        <input
          className="MuiInputBase-input MuiInput-input MuiInputBase-inputMarginDense MuiInput-inputMarginDense"
          onAnimationStart={[Function]}
          onBlur={[Function]}
          onChange={[Function]}
          onFocus={[Function]}
          type="number"
          value={null}
        />
      </div>
    </div>
    <div
      className="sc-bdVaJa kIIXNr"
    >
      <div
        className="sc-bwzfXH dYDxIf"
      >
        Stepen studija
        :
      </div>
      <div
        className="sc-htpNat hHtpcc"
      >
        <fieldset
          className="MuiFormControl-root"
          style={
            Object {
              "textAlign": "left",
            }
          }
        >
          <div
            className="MuiFormGroup-root MuiFormGroup-row"
            role="radiogroup"
          >
            <label
              className="MuiFormControlLabel-root"
            >
              <span
                aria-disabled={false}
                className="MuiButtonBase-root MuiIconButton-root PrivateSwitchBase-root-1 MuiRadio-root MuiRadio-colorSecondary MuiIconButton-colorSecondary"
                onBlur={[Function]}
                onDragLeave={[Function]}
                onFocus={[Function]}
                onKeyDown={[Function]}
                onKeyUp={[Function]}
                onMouseDown={[Function]}
                onMouseLeave={[Function]}
                onMouseUp={[Function]}
                onTouchEnd={[Function]}
                onTouchMove={[Function]}
                onTouchStart={[Function]}
                tabIndex={null}
              >
                <span
                  className="MuiIconButton-label"
                >
                  <input
                    checked={false}
                    className="PrivateSwitchBase-input-4"
                    disabled={false}
                    onChange={[Function]}
                    type="radio"
                    value={1}
                  />
                  <div
                    className="PrivateRadioButtonIcon-root-5"
                  >
                    <svg
                      aria-hidden={true}
                      className="MuiSvgIcon-root"
                      focusable="false"
                      viewBox="0 0 24 24"
                    >
                      <path
                        d="M12 2C6.48 2 2 6.48 2 12s4.48 10 10 10 10-4.48 10-10S17.52 2 12 2zm0 18c-4.42 0-8-3.58-8-8s3.58-8 8-8 8 3.58 8 8-3.58 8-8 8z"
                      />
                    </svg>
                    <svg
                      aria-hidden={true}
                      className="MuiSvgIcon-root PrivateRadioButtonIcon-layer-6"
                      focusable="false"
                      viewBox="0 0 24 24"
                    >
                      <path
                        d="M8.465 8.465C9.37 7.56 10.62 7 12 7C14.76 7 17 9.24 17 12C17 13.38 16.44 14.63 15.535 15.535C14.63 16.44 13.38 17 12 17C9.24 17 7 14.76 7 12C7 10.62 7.56 9.37 8.465 8.465Z"
                      />
                    </svg>
                  </div>
                </span>
              </span>
              <span
                className="MuiTypography-root MuiFormControlLabel-label MuiTypography-body1"
              >
                III godina osnovnih akademskih studija
              </span>
            </label>
            <label
              className="MuiFormControlLabel-root"
            >
              <span
                aria-disabled={false}
                className="MuiButtonBase-root MuiIconButton-root PrivateSwitchBase-root-1 MuiRadio-root MuiRadio-colorSecondary MuiIconButton-colorSecondary"
                onBlur={[Function]}
                onDragLeave={[Function]}
                onFocus={[Function]}
                onKeyDown={[Function]}
                onKeyUp={[Function]}
                onMouseDown={[Function]}
                onMouseLeave={[Function]}
                onMouseUp={[Function]}
                onTouchEnd={[Function]}
                onTouchMove={[Function]}
                onTouchStart={[Function]}
                tabIndex={null}
              >
                <span
                  className="MuiIconButton-label"
                >
                  <input
                    checked={false}
                    className="PrivateSwitchBase-input-4"
                    disabled={false}
                    onChange={[Function]}
                    type="radio"
                    value={2}
                  />
                  <div
                    className="PrivateRadioButtonIcon-root-5"
                  >
                    <svg
                      aria-hidden={true}
                      className="MuiSvgIcon-root"
                      focusable="false"
                      viewBox="0 0 24 24"
                    >
                      <path
                        d="M12 2C6.48 2 2 6.48 2 12s4.48 10 10 10 10-4.48 10-10S17.52 2 12 2zm0 18c-4.42 0-8-3.58-8-8s3.58-8 8-8 8 3.58 8 8-3.58 8-8 8z"
                      />
                    </svg>
                    <svg
                      aria-hidden={true}
                      className="MuiSvgIcon-root PrivateRadioButtonIcon-layer-6"
                      focusable="false"
                      viewBox="0 0 24 24"
                    >
                      <path
                        d="M8.465 8.465C9.37 7.56 10.62 7 12 7C14.76 7 17 9.24 17 12C17 13.38 16.44 14.63 15.535 15.535C14.63 16.44 13.38 17 12 17C9.24 17 7 14.76 7 12C7 10.62 7.56 9.37 8.465 8.465Z"
                      />
                    </svg>
                  </div>
                </span>
              </span>
              <span
                className="MuiTypography-root MuiFormControlLabel-label MuiTypography-body1"
              >
                IV godina osnovnih akademskih studija
              </span>
            </label>
            <label
              className="MuiFormControlLabel-root"
            >
              <span
                aria-disabled={false}
                className="MuiButtonBase-root MuiIconButton-root PrivateSwitchBase-root-1 MuiRadio-root MuiRadio-colorSecondary MuiIconButton-colorSecondary"
                onBlur={[Function]}
                onDragLeave={[Function]}
                onFocus={[Function]}
                onKeyDown={[Function]}
                onKeyUp={[Function]}
                onMouseDown={[Function]}
                onMouseLeave={[Function]}
                onMouseUp={[Function]}
                onTouchEnd={[Function]}
                onTouchMove={[Function]}
                onTouchStart={[Function]}
                tabIndex={null}
              >
                <span
                  className="MuiIconButton-label"
                >
                  <input
                    checked={false}
                    className="PrivateSwitchBase-input-4"
                    disabled={false}
                    onChange={[Function]}
                    type="radio"
                    value={3}
                  />
                  <div
                    className="PrivateRadioButtonIcon-root-5"
                  >
                    <svg
                      aria-hidden={true}
                      className="MuiSvgIcon-root"
                      focusable="false"
                      viewBox="0 0 24 24"
                    >
                      <path
                        d="M12 2C6.48 2 2 6.48 2 12s4.48 10 10 10 10-4.48 10-10S17.52 2 12 2zm0 18c-4.42 0-8-3.58-8-8s3.58-8 8-8 8 3.58 8 8-3.58 8-8 8z"
                      />
                    </svg>
                    <svg
                      aria-hidden={true}
                      className="MuiSvgIcon-root PrivateRadioButtonIcon-layer-6"
                      focusable="false"
                      viewBox="0 0 24 24"
                    >
                      <path
                        d="M8.465 8.465C9.37 7.56 10.62 7 12 7C14.76 7 17 9.24 17 12C17 13.38 16.44 14.63 15.535 15.535C14.63 16.44 13.38 17 12 17C9.24 17 7 14.76 7 12C7 10.62 7.56 9.37 8.465 8.465Z"
                      />
                    </svg>
                  </div>
                </span>
              </span>
              <span
                className="MuiTypography-root MuiFormControlLabel-label MuiTypography-body1"
              >
                master akademske studije
              </span>
            </label>
          </div>
        </fieldset>
      </div>
    </div>
    <div
      className="sc-bdVaJa kIIXNr"
    >
      <div
        className="sc-bwzfXH dYDxIf"
      >
        Smer studija
        :
      </div>
      <div
        className="sc-htpNat hHtpcc"
      >
        <fieldset
          className="MuiFormControl-root"
          style={
            Object {
              "textAlign": "left",
            }
          }
        >
          <div
            className="MuiFormGroup-root MuiFormGroup-row"
            role="radiogroup"
          >
            <label
              className="MuiFormControlLabel-root"
            >
              <span
                aria-disabled={false}
                className="MuiButtonBase-root MuiIconButton-root PrivateSwitchBase-root-1 MuiRadio-root MuiRadio-colorSecondary MuiIconButton-colorSecondary"
                onBlur={[Function]}
                onDragLeave={[Function]}
                onFocus={[Function]}
                onKeyDown={[Function]}
                onKeyUp={[Function]}
                onMouseDown={[Function]}
                onMouseLeave={[Function]}
                onMouseUp={[Function]}
                onTouchEnd={[Function]}
                onTouchMove={[Function]}
                onTouchStart={[Function]}
                tabIndex={null}
              >
                <span
                  className="MuiIconButton-label"
                >
                  <input
                    checked={false}
                    className="PrivateSwitchBase-input-4"
                    disabled={false}
                    onChange={[Function]}
                    type="radio"
                    value={1}
                  />
                  <div
                    className="PrivateRadioButtonIcon-root-5"
                  >
                    <svg
                      aria-hidden={true}
                      className="MuiSvgIcon-root"
                      focusable="false"
                      viewBox="0 0 24 24"
                    >
                      <path
                        d="M12 2C6.48 2 2 6.48 2 12s4.48 10 10 10 10-4.48 10-10S17.52 2 12 2zm0 18c-4.42 0-8-3.58-8-8s3.58-8 8-8 8 3.58 8 8-3.58 8-8 8z"
                      />
                    </svg>
                    <svg
                      aria-hidden={true}
                      className="MuiSvgIcon-root PrivateRadioButtonIcon-layer-6"
                      focusable="false"
                      viewBox="0 0 24 24"
                    >
                      <path
                        d="M8.465 8.465C9.37 7.56 10.62 7 12 7C14.76 7 17 9.24 17 12C17 13.38 16.44 14.63 15.535 15.535C14.63 16.44 13.38 17 12 17C9.24 17 7 14.76 7 12C7 10.62 7.56 9.37 8.465 8.465Z"
                      />
                    </svg>
                  </div>
                </span>
              </span>
              <span
                className="MuiTypography-root MuiFormControlLabel-label MuiTypography-body1"
              >
                Finansije
              </span>
            </label>
            <label
              className="MuiFormControlLabel-root"
            >
              <span
                aria-disabled={false}
                className="MuiButtonBase-root MuiIconButton-root PrivateSwitchBase-root-1 MuiRadio-root MuiRadio-colorSecondary MuiIconButton-colorSecondary"
                onBlur={[Function]}
                onDragLeave={[Function]}
                onFocus={[Function]}
                onKeyDown={[Function]}
                onKeyUp={[Function]}
                onMouseDown={[Function]}
                onMouseLeave={[Function]}
                onMouseUp={[Function]}
                onTouchEnd={[Function]}
                onTouchMove={[Function]}
                onTouchStart={[Function]}
                tabIndex={null}
              >
                <span
                  className="MuiIconButton-label"
                >
                  <input
                    checked={false}
                    className="PrivateSwitchBase-input-4"
                    disabled={false}
                    onChange={[Function]}
                    type="radio"
                    value={2}
                  />
                  <div
                    className="PrivateRadioButtonIcon-root-5"
                  >
                    <svg
                      aria-hidden={true}
                      className="MuiSvgIcon-root"
                      focusable="false"
                      viewBox="0 0 24 24"
                    >
                      <path
                        d="M12 2C6.48 2 2 6.48 2 12s4.48 10 10 10 10-4.48 10-10S17.52 2 12 2zm0 18c-4.42 0-8-3.58-8-8s3.58-8 8-8 8 3.58 8 8-3.58 8-8 8z"
                      />
                    </svg>
                    <svg
                      aria-hidden={true}
                      className="MuiSvgIcon-root PrivateRadioButtonIcon-layer-6"
                      focusable="false"
                      viewBox="0 0 24 24"
                    >
                      <path
                        d="M8.465 8.465C9.37 7.56 10.62 7 12 7C14.76 7 17 9.24 17 12C17 13.38 16.44 14.63 15.535 15.535C14.63 16.44 13.38 17 12 17C9.24 17 7 14.76 7 12C7 10.62 7.56 9.37 8.465 8.465Z"
                      />
                    </svg>
                  </div>
                </span>
              </span>
              <span
                className="MuiTypography-root MuiFormControlLabel-label MuiTypography-body1"
              >
                Računovodstvo
              </span>
            </label>
            <label
              className="MuiFormControlLabel-root"
            >
              <span
                aria-disabled={false}
                className="MuiButtonBase-root MuiIconButton-root PrivateSwitchBase-root-1 MuiRadio-root MuiRadio-colorSecondary MuiIconButton-colorSecondary"
                onBlur={[Function]}
                onDragLeave={[Function]}
                onFocus={[Function]}
                onKeyDown={[Function]}
                onKeyUp={[Function]}
                onMouseDown={[Function]}
                onMouseLeave={[Function]}
                onMouseUp={[Function]}
                onTouchEnd={[Function]}
                onTouchMove={[Function]}
                onTouchStart={[Function]}
                tabIndex={null}
              >
                <span
                  className="MuiIconButton-label"
                >
                  <input
                    checked={false}
                    className="PrivateSwitchBase-input-4"
                    disabled={false}
                    onChange={[Function]}
                    type="radio"
                    value={3}
                  />
                  <div
                    className="PrivateRadioButtonIcon-root-5"
                  >
                    <svg
                      aria-hidden={true}
                      className="MuiSvgIcon-root"
                      focusable="false"
                      viewBox="0 0 24 24"
                    >
                      <path
                        d="M12 2C6.48 2 2 6.48 2 12s4.48 10 10 10 10-4.48 10-10S17.52 2 12 2zm0 18c-4.42 0-8-3.58-8-8s3.58-8 8-8 8 3.58 8 8-3.58 8-8 8z"
                      />
                    </svg>
                    <svg
                      aria-hidden={true}
                      className="MuiSvgIcon-root PrivateRadioButtonIcon-layer-6"
                      focusable="false"
                      viewBox="0 0 24 24"
                    >
                      <path
                        d="M8.465 8.465C9.37 7.56 10.62 7 12 7C14.76 7 17 9.24 17 12C17 13.38 16.44 14.63 15.535 15.535C14.63 16.44 13.38 17 12 17C9.24 17 7 14.76 7 12C7 10.62 7.56 9.37 8.465 8.465Z"
                      />
                    </svg>
                  </div>
                </span>
              </span>
              <span
                className="MuiTypography-root MuiFormControlLabel-label MuiTypography-body1"
              >
                Ostalo
              </span>
            </label>
          </div>
        </fieldset>
      </div>
    </div>
    <div
      className="sc-bdVaJa kIIXNr"
    >
      <div
        className="sc-bwzfXH dYDxIf"
      >
        Način finansiranja studija
        :
      </div>
      <div
        className="sc-htpNat hHtpcc"
      >
        <fieldset
          className="MuiFormControl-root"
          style={
            Object {
              "textAlign": "left",
            }
          }
        >
          <div
            className="MuiFormGroup-root MuiFormGroup-row"
            role="radiogroup"
          >
            <label
              className="MuiFormControlLabel-root"
            >
              <span
                aria-disabled={false}
                className="MuiButtonBase-root MuiIconButton-root PrivateSwitchBase-root-1 MuiRadio-root MuiRadio-colorSecondary MuiIconButton-colorSecondary"
                onBlur={[Function]}
                onDragLeave={[Function]}
                onFocus={[Function]}
                onKeyDown={[Function]}
                onKeyUp={[Function]}
                onMouseDown={[Function]}
                onMouseLeave={[Function]}
                onMouseUp={[Function]}
                onTouchEnd={[Function]}
                onTouchMove={[Function]}
                onTouchStart={[Function]}
                tabIndex={null}
              >
                <span
                  className="MuiIconButton-label"
                >
                  <input
                    checked={false}
                    className="PrivateSwitchBase-input-4"
                    disabled={false}
                    onChange={[Function]}
                    type="radio"
                    value={1}
                  />
                  <div
                    className="PrivateRadioButtonIcon-root-5"
                  >
                    <svg
                      aria-hidden={true}
                      className="MuiSvgIcon-root"
                      focusable="false"
                      viewBox="0 0 24 24"
                    >
                      <path
                        d="M12 2C6.48 2 2 6.48 2 12s4.48 10 10 10 10-4.48 10-10S17.52 2 12 2zm0 18c-4.42 0-8-3.58-8-8s3.58-8 8-8 8 3.58 8 8-3.58 8-8 8z"
                      />
                    </svg>
                    <svg
                      aria-hidden={true}
                      className="MuiSvgIcon-root PrivateRadioButtonIcon-layer-6"
                      focusable="false"
                      viewBox="0 0 24 24"
                    >
                      <path
                        d="M8.465 8.465C9.37 7.56 10.62 7 12 7C14.76 7 17 9.24 17 12C17 13.38 16.44 14.63 15.535 15.535C14.63 16.44 13.38 17 12 17C9.24 17 7 14.76 7 12C7 10.62 7.56 9.37 8.465 8.465Z"
                      />
                    </svg>
                  </div>
                </span>
              </span>
              <span
                className="MuiTypography-root MuiFormControlLabel-label MuiTypography-body1"
              >
                Finansiranje iz budžeta
              </span>
            </label>
            <label
              className="MuiFormControlLabel-root"
            >
              <span
                aria-disabled={false}
                className="MuiButtonBase-root MuiIconButton-root PrivateSwitchBase-root-1 MuiRadio-root MuiRadio-colorSecondary MuiIconButton-colorSecondary"
                onBlur={[Function]}
                onDragLeave={[Function]}
                onFocus={[Function]}
                onKeyDown={[Function]}
                onKeyUp={[Function]}
                onMouseDown={[Function]}
                onMouseLeave={[Function]}
                onMouseUp={[Function]}
                onTouchEnd={[Function]}
                onTouchMove={[Function]}
                onTouchStart={[Function]}
                tabIndex={null}
              >
                <span
                  className="MuiIconButton-label"
                >
                  <input
                    checked={false}
                    className="PrivateSwitchBase-input-4"
                    disabled={false}
                    onChange={[Function]}
                    type="radio"
                    value={2}
                  />
                  <div
                    className="PrivateRadioButtonIcon-root-5"
                  >
                    <svg
                      aria-hidden={true}
                      className="MuiSvgIcon-root"
                      focusable="false"
                      viewBox="0 0 24 24"
                    >
                      <path
                        d="M12 2C6.48 2 2 6.48 2 12s4.48 10 10 10 10-4.48 10-10S17.52 2 12 2zm0 18c-4.42 0-8-3.58-8-8s3.58-8 8-8 8 3.58 8 8-3.58 8-8 8z"
                      />
                    </svg>
                    <svg
                      aria-hidden={true}
                      className="MuiSvgIcon-root PrivateRadioButtonIcon-layer-6"
                      focusable="false"
                      viewBox="0 0 24 24"
                    >
                      <path
                        d="M8.465 8.465C9.37 7.56 10.62 7 12 7C14.76 7 17 9.24 17 12C17 13.38 16.44 14.63 15.535 15.535C14.63 16.44 13.38 17 12 17C9.24 17 7 14.76 7 12C7 10.62 7.56 9.37 8.465 8.465Z"
                      />
                    </svg>
                  </div>
                </span>
              </span>
              <span
                className="MuiTypography-root MuiFormControlLabel-label MuiTypography-body1"
              >
                Samofinansiranje
              </span>
            </label>
          </div>
        </fieldset>
      </div>
    </div>
    <div
      className="sc-bdVaJa kIIXNr"
    >
      <div
        className="sc-bwzfXH dYDxIf"
      >
        Način izdržavanja tokom studija (zakokružiti jednu opciju koja je u najvećoj meri dala doprinos)
        :
      </div>
      <div
        className="sc-htpNat hHtpcc"
      >
        <fieldset
          className="MuiFormControl-root"
          style={
            Object {
              "textAlign": "left",
            }
          }
        >
          <div
            className="MuiFormGroup-root MuiFormGroup-row"
            role="radiogroup"
          >
            <label
              className="MuiFormControlLabel-root"
            >
              <span
                aria-disabled={false}
                className="MuiButtonBase-root MuiIconButton-root PrivateSwitchBase-root-1 MuiRadio-root MuiRadio-colorSecondary MuiIconButton-colorSecondary"
                onBlur={[Function]}
                onDragLeave={[Function]}
                onFocus={[Function]}
                onKeyDown={[Function]}
                onKeyUp={[Function]}
                onMouseDown={[Function]}
                onMouseLeave={[Function]}
                onMouseUp={[Function]}
                onTouchEnd={[Function]}
                onTouchMove={[Function]}
                onTouchStart={[Function]}
                tabIndex={null}
              >
                <span
                  className="MuiIconButton-label"
                >
                  <input
                    checked={false}
                    className="PrivateSwitchBase-input-4"
                    disabled={false}
                    onChange={[Function]}
                    type="radio"
                    value={1}
                  />
                  <div
                    className="PrivateRadioButtonIcon-root-5"
                  >
                    <svg
                      aria-hidden={true}
                      className="MuiSvgIcon-root"
                      focusable="false"
                      viewBox="0 0 24 24"
                    >
                      <path
                        d="M12 2C6.48 2 2 6.48 2 12s4.48 10 10 10 10-4.48 10-10S17.52 2 12 2zm0 18c-4.42 0-8-3.58-8-8s3.58-8 8-8 8 3.58 8 8-3.58 8-8 8z"
                      />
                    </svg>
                    <svg
                      aria-hidden={true}
                      className="MuiSvgIcon-root PrivateRadioButtonIcon-layer-6"
                      focusable="false"
                      viewBox="0 0 24 24"
                    >
                      <path
                        d="M8.465 8.465C9.37 7.56 10.62 7 12 7C14.76 7 17 9.24 17 12C17 13.38 16.44 14.63 15.535 15.535C14.63 16.44 13.38 17 12 17C9.24 17 7 14.76 7 12C7 10.62 7.56 9.37 8.465 8.465Z"
                      />
                    </svg>
                  </div>
                </span>
              </span>
              <span
                className="MuiTypography-root MuiFormControlLabel-label MuiTypography-body1"
              >
                Stipendije i krediti dati od strane Ministarstva prosvete
              </span>
            </label>
            <label
              className="MuiFormControlLabel-root"
            >
              <span
                aria-disabled={false}
                className="MuiButtonBase-root MuiIconButton-root PrivateSwitchBase-root-1 MuiRadio-root MuiRadio-colorSecondary MuiIconButton-colorSecondary"
                onBlur={[Function]}
                onDragLeave={[Function]}
                onFocus={[Function]}
                onKeyDown={[Function]}
                onKeyUp={[Function]}
                onMouseDown={[Function]}
                onMouseLeave={[Function]}
                onMouseUp={[Function]}
                onTouchEnd={[Function]}
                onTouchMove={[Function]}
                onTouchStart={[Function]}
                tabIndex={null}
              >
                <span
                  className="MuiIconButton-label"
                >
                  <input
                    checked={false}
                    className="PrivateSwitchBase-input-4"
                    disabled={false}
                    onChange={[Function]}
                    type="radio"
                    value={2}
                  />
                  <div
                    className="PrivateRadioButtonIcon-root-5"
                  >
                    <svg
                      aria-hidden={true}
                      className="MuiSvgIcon-root"
                      focusable="false"
                      viewBox="0 0 24 24"
                    >
                      <path
                        d="M12 2C6.48 2 2 6.48 2 12s4.48 10 10 10 10-4.48 10-10S17.52 2 12 2zm0 18c-4.42 0-8-3.58-8-8s3.58-8 8-8 8 3.58 8 8-3.58 8-8 8z"
                      />
                    </svg>
                    <svg
                      aria-hidden={true}
                      className="MuiSvgIcon-root PrivateRadioButtonIcon-layer-6"
                      focusable="false"
                      viewBox="0 0 24 24"
                    >
                      <path
                        d="M8.465 8.465C9.37 7.56 10.62 7 12 7C14.76 7 17 9.24 17 12C17 13.38 16.44 14.63 15.535 15.535C14.63 16.44 13.38 17 12 17C9.24 17 7 14.76 7 12C7 10.62 7.56 9.37 8.465 8.465Z"
                      />
                    </svg>
                  </div>
                </span>
              </span>
              <span
                className="MuiTypography-root MuiFormControlLabel-label MuiTypography-body1"
              >
                Plata
              </span>
            </label>
            <label
              className="MuiFormControlLabel-root"
            >
              <span
                aria-disabled={false}
                className="MuiButtonBase-root MuiIconButton-root PrivateSwitchBase-root-1 MuiRadio-root MuiRadio-colorSecondary MuiIconButton-colorSecondary"
                onBlur={[Function]}
                onDragLeave={[Function]}
                onFocus={[Function]}
                onKeyDown={[Function]}
                onKeyUp={[Function]}
                onMouseDown={[Function]}
                onMouseLeave={[Function]}
                onMouseUp={[Function]}
                onTouchEnd={[Function]}
                onTouchMove={[Function]}
                onTouchStart={[Function]}
                tabIndex={null}
              >
                <span
                  className="MuiIconButton-label"
                >
                  <input
                    checked={false}
                    className="PrivateSwitchBase-input-4"
                    disabled={false}
                    onChange={[Function]}
                    type="radio"
                    value={3}
                  />
                  <div
                    className="PrivateRadioButtonIcon-root-5"
                  >
                    <svg
                      aria-hidden={true}
                      className="MuiSvgIcon-root"
                      focusable="false"
                      viewBox="0 0 24 24"
                    >
                      <path
                        d="M12 2C6.48 2 2 6.48 2 12s4.48 10 10 10 10-4.48 10-10S17.52 2 12 2zm0 18c-4.42 0-8-3.58-8-8s3.58-8 8-8 8 3.58 8 8-3.58 8-8 8z"
                      />
                    </svg>
                    <svg
                      aria-hidden={true}
                      className="MuiSvgIcon-root PrivateRadioButtonIcon-layer-6"
                      focusable="false"
                      viewBox="0 0 24 24"
                    >
                      <path
                        d="M8.465 8.465C9.37 7.56 10.62 7 12 7C14.76 7 17 9.24 17 12C17 13.38 16.44 14.63 15.535 15.535C14.63 16.44 13.38 17 12 17C9.24 17 7 14.76 7 12C7 10.62 7.56 9.37 8.465 8.465Z"
                      />
                    </svg>
                  </div>
                </span>
              </span>
              <span
                className="MuiTypography-root MuiFormControlLabel-label MuiTypography-body1"
              >
                Ušteđevina
              </span>
            </label>
          </div>
        </fieldset>
      </div>
    </div>
    <div
      className="sc-bdVaJa kIIXNr"
    >
      <div
        className="sc-bwzfXH dYDxIf"
      >
        Mesto stalnog prebivališta
        :
      </div>
      <div
        className="sc-htpNat hHtpcc"
      >
        <fieldset
          className="MuiFormControl-root"
          style={
            Object {
              "textAlign": "left",
            }
          }
        >
          <div
            className="MuiFormGroup-root MuiFormGroup-row"
            role="radiogroup"
          >
            <label
              className="MuiFormControlLabel-root"
            >
              <span
                aria-disabled={false}
                className="MuiButtonBase-root MuiIconButton-root PrivateSwitchBase-root-1 MuiRadio-root MuiRadio-colorSecondary MuiIconButton-colorSecondary"
                onBlur={[Function]}
                onDragLeave={[Function]}
                onFocus={[Function]}
                onKeyDown={[Function]}
                onKeyUp={[Function]}
                onMouseDown={[Function]}
                onMouseLeave={[Function]}
                onMouseUp={[Function]}
                onTouchEnd={[Function]}
                onTouchMove={[Function]}
                onTouchStart={[Function]}
                tabIndex={null}
              >
                <span
                  className="MuiIconButton-label"
                >
                  <input
                    checked={false}
                    className="PrivateSwitchBase-input-4"
                    disabled={false}
                    onChange={[Function]}
                    type="radio"
                    value={1}
                  />
                  <div
                    className="PrivateRadioButtonIcon-root-5"
                  >
                    <svg
                      aria-hidden={true}
                      className="MuiSvgIcon-root"
                      focusable="false"
                      viewBox="0 0 24 24"
                    >
                      <path
                        d="M12 2C6.48 2 2 6.48 2 12s4.48 10 10 10 10-4.48 10-10S17.52 2 12 2zm0 18c-4.42 0-8-3.58-8-8s3.58-8 8-8 8 3.58 8 8-3.58 8-8 8z"
                      />
                    </svg>
                    <svg
                      aria-hidden={true}
                      className="MuiSvgIcon-root PrivateRadioButtonIcon-layer-6"
                      focusable="false"
                      viewBox="0 0 24 24"
                    >
                      <path
                        d="M8.465 8.465C9.37 7.56 10.62 7 12 7C14.76 7 17 9.24 17 12C17 13.38 16.44 14.63 15.535 15.535C14.63 16.44 13.38 17 12 17C9.24 17 7 14.76 7 12C7 10.62 7.56 9.37 8.465 8.465Z"
                      />
                    </svg>
                  </div>
                </span>
              </span>
              <span
                className="MuiTypography-root MuiFormControlLabel-label MuiTypography-body1"
              >
                Nalazi se u gradu u kome studiram
              </span>
            </label>
            <label
              className="MuiFormControlLabel-root"
            >
              <span
                aria-disabled={false}
                className="MuiButtonBase-root MuiIconButton-root PrivateSwitchBase-root-1 MuiRadio-root MuiRadio-colorSecondary MuiIconButton-colorSecondary"
                onBlur={[Function]}
                onDragLeave={[Function]}
                onFocus={[Function]}
                onKeyDown={[Function]}
                onKeyUp={[Function]}
                onMouseDown={[Function]}
                onMouseLeave={[Function]}
                onMouseUp={[Function]}
                onTouchEnd={[Function]}
                onTouchMove={[Function]}
                onTouchStart={[Function]}
                tabIndex={null}
              >
                <span
                  className="MuiIconButton-label"
                >
                  <input
                    checked={false}
                    className="PrivateSwitchBase-input-4"
                    disabled={false}
                    onChange={[Function]}
                    type="radio"
                    value={2}
                  />
                  <div
                    className="PrivateRadioButtonIcon-root-5"
                  >
                    <svg
                      aria-hidden={true}
                      className="MuiSvgIcon-root"
                      focusable="false"
                      viewBox="0 0 24 24"
                    >
                      <path
                        d="M12 2C6.48 2 2 6.48 2 12s4.48 10 10 10 10-4.48 10-10S17.52 2 12 2zm0 18c-4.42 0-8-3.58-8-8s3.58-8 8-8 8 3.58 8 8-3.58 8-8 8z"
                      />
                    </svg>
                    <svg
                      aria-hidden={true}
                      className="MuiSvgIcon-root PrivateRadioButtonIcon-layer-6"
                      focusable="false"
                      viewBox="0 0 24 24"
                    >
                      <path
                        d="M8.465 8.465C9.37 7.56 10.62 7 12 7C14.76 7 17 9.24 17 12C17 13.38 16.44 14.63 15.535 15.535C14.63 16.44 13.38 17 12 17C9.24 17 7 14.76 7 12C7 10.62 7.56 9.37 8.465 8.465Z"
                      />
                    </svg>
                  </div>
                </span>
              </span>
              <span
                className="MuiTypography-root MuiFormControlLabel-label MuiTypography-body1"
              >
                Nalazi se van grada u kome studiram
              </span>
            </label>
          </div>
        </fieldset>
      </div>
    </div>
    <div
      className="sc-bdVaJa kIIXNr"
    >
      <div
        className="sc-bwzfXH dYDxIf"
      >
        Da li imate radnog iskustva
        :
      </div>
      <div
        className="sc-htpNat hHtpcc"
      >
        <fieldset
          className="MuiFormControl-root"
          style={
            Object {
              "textAlign": "left",
            }
          }
        >
          <div
            className="MuiFormGroup-root MuiFormGroup-row"
            role="radiogroup"
          >
            <label
              className="MuiFormControlLabel-root"
            >
              <span
                aria-disabled={false}
                className="MuiButtonBase-root MuiIconButton-root PrivateSwitchBase-root-1 MuiRadio-root MuiRadio-colorSecondary MuiIconButton-colorSecondary"
                onBlur={[Function]}
                onDragLeave={[Function]}
                onFocus={[Function]}
                onKeyDown={[Function]}
                onKeyUp={[Function]}
                onMouseDown={[Function]}
                onMouseLeave={[Function]}
                onMouseUp={[Function]}
                onTouchEnd={[Function]}
                onTouchMove={[Function]}
                onTouchStart={[Function]}
                tabIndex={null}
              >
                <span
                  className="MuiIconButton-label"
                >
                  <input
                    checked={false}
                    className="PrivateSwitchBase-input-4"
                    disabled={false}
                    onChange={[Function]}
                    type="radio"
                    value={1}
                  />
                  <div
                    className="PrivateRadioButtonIcon-root-5"
                  >
                    <svg
                      aria-hidden={true}
                      className="MuiSvgIcon-root"
                      focusable="false"
                      viewBox="0 0 24 24"
                    >
                      <path
                        d="M12 2C6.48 2 2 6.48 2 12s4.48 10 10 10 10-4.48 10-10S17.52 2 12 2zm0 18c-4.42 0-8-3.58-8-8s3.58-8 8-8 8 3.58 8 8-3.58 8-8 8z"
                      />
                    </svg>
                    <svg
                      aria-hidden={true}
                      className="MuiSvgIcon-root PrivateRadioButtonIcon-layer-6"
                      focusable="false"
                      viewBox="0 0 24 24"
                    >
                      <path
                        d="M8.465 8.465C9.37 7.56 10.62 7 12 7C14.76 7 17 9.24 17 12C17 13.38 16.44 14.63 15.535 15.535C14.63 16.44 13.38 17 12 17C9.24 17 7 14.76 7 12C7 10.62 7.56 9.37 8.465 8.465Z"
                      />
                    </svg>
                  </div>
                </span>
              </span>
              <span
                className="MuiTypography-root MuiFormControlLabel-label MuiTypography-body1"
              >
                Da
              </span>
            </label>
            <label
              className="MuiFormControlLabel-root"
            >
              <span
                aria-disabled={false}
                className="MuiButtonBase-root MuiIconButton-root PrivateSwitchBase-root-1 MuiRadio-root MuiRadio-colorSecondary MuiIconButton-colorSecondary"
                onBlur={[Function]}
                onDragLeave={[Function]}
                onFocus={[Function]}
                onKeyDown={[Function]}
                onKeyUp={[Function]}
                onMouseDown={[Function]}
                onMouseLeave={[Function]}
                onMouseUp={[Function]}
                onTouchEnd={[Function]}
                onTouchMove={[Function]}
                onTouchStart={[Function]}
                tabIndex={null}
              >
                <span
                  className="MuiIconButton-label"
                >
                  <input
                    checked={false}
                    className="PrivateSwitchBase-input-4"
                    disabled={false}
                    onChange={[Function]}
                    type="radio"
                    value={2}
                  />
                  <div
                    className="PrivateRadioButtonIcon-root-5"
                  >
                    <svg
                      aria-hidden={true}
                      className="MuiSvgIcon-root"
                      focusable="false"
                      viewBox="0 0 24 24"
                    >
                      <path
                        d="M12 2C6.48 2 2 6.48 2 12s4.48 10 10 10 10-4.48 10-10S17.52 2 12 2zm0 18c-4.42 0-8-3.58-8-8s3.58-8 8-8 8 3.58 8 8-3.58 8-8 8z"
                      />
                    </svg>
                    <svg
                      aria-hidden={true}
                      className="MuiSvgIcon-root PrivateRadioButtonIcon-layer-6"
                      focusable="false"
                      viewBox="0 0 24 24"
                    >
                      <path
                        d="M8.465 8.465C9.37 7.56 10.62 7 12 7C14.76 7 17 9.24 17 12C17 13.38 16.44 14.63 15.535 15.535C14.63 16.44 13.38 17 12 17C9.24 17 7 14.76 7 12C7 10.62 7.56 9.37 8.465 8.465Z"
                      />
                    </svg>
                  </div>
                </span>
              </span>
              <span
                className="MuiTypography-root MuiFormControlLabel-label MuiTypography-body1"
              >
                Ne
              </span>
            </label>
          </div>
        </fieldset>
      </div>
    </div>
    <div
      className="sc-bdVaJa kIIXNr"
    >
      <div
        className="sc-bwzfXH dYDxIf"
      >
        Da li ste ikada bili učesnik u nekoj od ekstremnih disciplina (npr. padobranstvo, ronjenje, bandži džamping, rafting…)
        :
      </div>
      <div
        className="sc-htpNat hHtpcc"
      >
        <fieldset
          className="MuiFormControl-root"
          style={
            Object {
              "textAlign": "left",
            }
          }
        >
          <div
            className="MuiFormGroup-root MuiFormGroup-row"
            role="radiogroup"
          >
            <label
              className="MuiFormControlLabel-root"
            >
              <span
                aria-disabled={false}
                className="MuiButtonBase-root MuiIconButton-root PrivateSwitchBase-root-1 MuiRadio-root MuiRadio-colorSecondary MuiIconButton-colorSecondary"
                onBlur={[Function]}
                onDragLeave={[Function]}
                onFocus={[Function]}
                onKeyDown={[Function]}
                onKeyUp={[Function]}
                onMouseDown={[Function]}
                onMouseLeave={[Function]}
                onMouseUp={[Function]}
                onTouchEnd={[Function]}
                onTouchMove={[Function]}
                onTouchStart={[Function]}
                tabIndex={null}
              >
                <span
                  className="MuiIconButton-label"
                >
                  <input
                    checked={false}
                    className="PrivateSwitchBase-input-4"
                    disabled={false}
                    onChange={[Function]}
                    type="radio"
                    value={1}
                  />
                  <div
                    className="PrivateRadioButtonIcon-root-5"
                  >
                    <svg
                      aria-hidden={true}
                      className="MuiSvgIcon-root"
                      focusable="false"
                      viewBox="0 0 24 24"
                    >
                      <path
                        d="M12 2C6.48 2 2 6.48 2 12s4.48 10 10 10 10-4.48 10-10S17.52 2 12 2zm0 18c-4.42 0-8-3.58-8-8s3.58-8 8-8 8 3.58 8 8-3.58 8-8 8z"
                      />
                    </svg>
                    <svg
                      aria-hidden={true}
                      className="MuiSvgIcon-root PrivateRadioButtonIcon-layer-6"
                      focusable="false"
                      viewBox="0 0 24 24"
                    >
                      <path
                        d="M8.465 8.465C9.37 7.56 10.62 7 12 7C14.76 7 17 9.24 17 12C17 13.38 16.44 14.63 15.535 15.535C14.63 16.44 13.38 17 12 17C9.24 17 7 14.76 7 12C7 10.62 7.56 9.37 8.465 8.465Z"
                      />
                    </svg>
                  </div>
                </span>
              </span>
              <span
                className="MuiTypography-root MuiFormControlLabel-label MuiTypography-body1"
              >
                Da
              </span>
            </label>
            <label
              className="MuiFormControlLabel-root"
            >
              <span
                aria-disabled={false}
                className="MuiButtonBase-root MuiIconButton-root PrivateSwitchBase-root-1 MuiRadio-root MuiRadio-colorSecondary MuiIconButton-colorSecondary"
                onBlur={[Function]}
                onDragLeave={[Function]}
                onFocus={[Function]}
                onKeyDown={[Function]}
                onKeyUp={[Function]}
                onMouseDown={[Function]}
                onMouseLeave={[Function]}
                onMouseUp={[Function]}
                onTouchEnd={[Function]}
                onTouchMove={[Function]}
                onTouchStart={[Function]}
                tabIndex={null}
              >
                <span
                  className="MuiIconButton-label"
                >
                  <input
                    checked={false}
                    className="PrivateSwitchBase-input-4"
                    disabled={false}
                    onChange={[Function]}
                    type="radio"
                    value={2}
                  />
                  <div
                    className="PrivateRadioButtonIcon-root-5"
                  >
                    <svg
                      aria-hidden={true}
                      className="MuiSvgIcon-root"
                      focusable="false"
                      viewBox="0 0 24 24"
                    >
                      <path
                        d="M12 2C6.48 2 2 6.48 2 12s4.48 10 10 10 10-4.48 10-10S17.52 2 12 2zm0 18c-4.42 0-8-3.58-8-8s3.58-8 8-8 8 3.58 8 8-3.58 8-8 8z"
                      />
                    </svg>
                    <svg
                      aria-hidden={true}
                      className="MuiSvgIcon-root PrivateRadioButtonIcon-layer-6"
                      focusable="false"
                      viewBox="0 0 24 24"
                    >
                      <path
                        d="M8.465 8.465C9.37 7.56 10.62 7 12 7C14.76 7 17 9.24 17 12C17 13.38 16.44 14.63 15.535 15.535C14.63 16.44 13.38 17 12 17C9.24 17 7 14.76 7 12C7 10.62 7.56 9.37 8.465 8.465Z"
                      />
                    </svg>
                  </div>
                </span>
              </span>
              <span
                className="MuiTypography-root MuiFormControlLabel-label MuiTypography-body1"
              >
                Ne
              </span>
            </label>
          </div>
        </fieldset>
      </div>
    </div>
    <div
      className="sc-bdVaJa kIIXNr"
    >
      <div
        className="sc-bwzfXH dYDxIf"
      >
        Da li ste nekada uložili celokupan džeparac ili zaradu na klađenje u neki od sportskih događaja (npr. košarkaška, fudbal, tenis...)
        :
      </div>
      <div
        className="sc-htpNat hHtpcc"
      >
        <fieldset
          className="MuiFormControl-root"
          style={
            Object {
              "textAlign": "left",
            }
          }
        >
          <div
            className="MuiFormGroup-root MuiFormGroup-row"
            role="radiogroup"
          >
            <label
              className="MuiFormControlLabel-root"
            >
              <span
                aria-disabled={false}
                className="MuiButtonBase-root MuiIconButton-root PrivateSwitchBase-root-1 MuiRadio-root MuiRadio-colorSecondary MuiIconButton-colorSecondary"
                onBlur={[Function]}
                onDragLeave={[Function]}
                onFocus={[Function]}
                onKeyDown={[Function]}
                onKeyUp={[Function]}
                onMouseDown={[Function]}
                onMouseLeave={[Function]}
                onMouseUp={[Function]}
                onTouchEnd={[Function]}
                onTouchMove={[Function]}
                onTouchStart={[Function]}
                tabIndex={null}
              >
                <span
                  className="MuiIconButton-label"
                >
                  <input
                    checked={false}
                    className="PrivateSwitchBase-input-4"
                    disabled={false}
                    onChange={[Function]}
                    type="radio"
                    value={1}
                  />
                  <div
                    className="PrivateRadioButtonIcon-root-5"
                  >
                    <svg
                      aria-hidden={true}
                      className="MuiSvgIcon-root"
                      focusable="false"
                      viewBox="0 0 24 24"
                    >
                      <path
                        d="M12 2C6.48 2 2 6.48 2 12s4.48 10 10 10 10-4.48 10-10S17.52 2 12 2zm0 18c-4.42 0-8-3.58-8-8s3.58-8 8-8 8 3.58 8 8-3.58 8-8 8z"
                      />
                    </svg>
                    <svg
                      aria-hidden={true}
                      className="MuiSvgIcon-root PrivateRadioButtonIcon-layer-6"
                      focusable="false"
                      viewBox="0 0 24 24"
                    >
                      <path
                        d="M8.465 8.465C9.37 7.56 10.62 7 12 7C14.76 7 17 9.24 17 12C17 13.38 16.44 14.63 15.535 15.535C14.63 16.44 13.38 17 12 17C9.24 17 7 14.76 7 12C7 10.62 7.56 9.37 8.465 8.465Z"
                      />
                    </svg>
                  </div>
                </span>
              </span>
              <span
                className="MuiTypography-root MuiFormControlLabel-label MuiTypography-body1"
              >
                Da
              </span>
            </label>
            <label
              className="MuiFormControlLabel-root"
            >
              <span
                aria-disabled={false}
                className="MuiButtonBase-root MuiIconButton-root PrivateSwitchBase-root-1 MuiRadio-root MuiRadio-colorSecondary MuiIconButton-colorSecondary"
                onBlur={[Function]}
                onDragLeave={[Function]}
                onFocus={[Function]}
                onKeyDown={[Function]}
                onKeyUp={[Function]}
                onMouseDown={[Function]}
                onMouseLeave={[Function]}
                onMouseUp={[Function]}
                onTouchEnd={[Function]}
                onTouchMove={[Function]}
                onTouchStart={[Function]}
                tabIndex={null}
              >
                <span
                  className="MuiIconButton-label"
                >
                  <input
                    checked={false}
                    className="PrivateSwitchBase-input-4"
                    disabled={false}
                    onChange={[Function]}
                    type="radio"
                    value={2}
                  />
                  <div
                    className="PrivateRadioButtonIcon-root-5"
                  >
                    <svg
                      aria-hidden={true}
                      className="MuiSvgIcon-root"
                      focusable="false"
                      viewBox="0 0 24 24"
                    >
                      <path
                        d="M12 2C6.48 2 2 6.48 2 12s4.48 10 10 10 10-4.48 10-10S17.52 2 12 2zm0 18c-4.42 0-8-3.58-8-8s3.58-8 8-8 8 3.58 8 8-3.58 8-8 8z"
                      />
                    </svg>
                    <svg
                      aria-hidden={true}
                      className="MuiSvgIcon-root PrivateRadioButtonIcon-layer-6"
                      focusable="false"
                      viewBox="0 0 24 24"
                    >
                      <path
                        d="M8.465 8.465C9.37 7.56 10.62 7 12 7C14.76 7 17 9.24 17 12C17 13.38 16.44 14.63 15.535 15.535C14.63 16.44 13.38 17 12 17C9.24 17 7 14.76 7 12C7 10.62 7.56 9.37 8.465 8.465Z"
                      />
                    </svg>
                  </div>
                </span>
              </span>
              <span
                className="MuiTypography-root MuiFormControlLabel-label MuiTypography-body1"
              >
                Ne
              </span>
            </label>
          </div>
        </fieldset>
      </div>
    </div>
    <button
      className="MuiButtonBase-root MuiButton-root MuiButton-contained sc-gzVnrw gEkkio MuiButton-containedPrimary Mui-disabled Mui-disabled"
      disabled={true}
      onBlur={[Function]}
      onClick={[Function]}
      onDragLeave={[Function]}
      onFocus={[Function]}
      onKeyDown={[Function]}
      onKeyUp={[Function]}
      onMouseDown={[Function]}
      onMouseLeave={[Function]}
      onMouseUp={[Function]}
      onTouchEnd={[Function]}
      onTouchMove={[Function]}
      onTouchStart={[Function]}
      tabIndex={-1}
      type="button"
    >
      <span
        className="MuiButton-label"
      >
        Dalje
      </span>
    </button>
  </div>
</div>
`;
